// Jest Snapshot v1, https://goo.gl/fbAQLP

exports[`GlobalStyles should match snapshot 1`] = `null`;
